`{
  "role": "assistant",
  "content": [
    {
      "toolCall": {
        "index": 2,
        "id": "call_3",
        "function": {
          "name": "bash",
          "arguments": "{}"
        }
      }
    }
  ],
  "usage": {}
}`
