`{
  "role": "assistant",
  "content": [
    {
      "toolCall": {
        "index": 1,
        "id": "call_2",
        "function": {
          "name": "node",
          "arguments": "{}"
        }
      }
    }
  ],
  "usage": {}
}`
